ΓÇëWARNΓÇë Unsupported engine: wanted: {"node":"22.12.0"} (current: {"node":"v22.18.0","pnpm":"10.24.0"})

> next-forge@5.3.2 build C:\Projects\capsule-pro
> turbo build

node.exe : ΓÇó turbo 2.7.5
At C:\Program Files\nodejs\pnpm.ps1:16 char:5
+     & "$basedir/node$exe"  "$basedir/node_modules/corepack/dist/pnpm. ...
+     ~~~~~~~~~~~~~~~~~~~~~~~~~~~~~~~~~~~~~~~~~~~~~~~~~~~~~~~~~~~~~~~~~
    + CategoryInfo          : NotSpecified: (ΓÇó turbo 2.7.5:String) [], RemoteException
    + FullyQualifiedErrorId : NativeCommandError
 
ΓÇó Packages in scope: @repo/ai, @repo/analytics, @repo/auth, @repo/cms, @repo/collaboration, @repo/database, @repo/design-system, @repo/email, @repo/feature-flags, @repo/internationalization, @repo/kitchen-state-transitions, @repo/next-config, @repo/notifications, @repo/observability, @repo/payments, @repo/payroll-engine, @repo/pdf, @repo/rate-limit, @repo/realtime, @repo/security, @repo/seo, @repo/storage, @repo/storybook, @repo/typescript-config, @repo/webhooks, api, app, docs, email, studio, web
ΓÇó Running build in 31 packages
ΓÇó Remote caching disabled
@repo/database:generate: cache bypass, force executing 86ef04eac29c578d
@repo/realtime:test: cache miss, executing 7c4d437bb66c9f66
@repo/database:test: cache miss, executing 74ca538d2f5d728b
@repo/cms:build: cache miss, executing 86aef23555eed081
@repo/ai:build: cache miss, executing e7ffe96a319475c3
email:build: cache miss, executing c4705c294d237c7c
docs:build: cache miss, executing 5b3b8cb1f68be51b
@repo/storybook:build: cache miss, executing 9391218b02c34902
@repo/realtime:test: ../..                                    | ΓÇëWARNΓÇë Unsupported engine: wanted: {"node":"22.12.0"} (current: {"node":"v22.18.0","pnpm":"10.24.0"})
@repo/realtime:test: 
@repo/realtime:test: > @repo/realtime@0.0.0 test C:\Projects\capsule-pro\packages\realtime
@repo/realtime:test: > vitest run
@repo/realtime:test: 
@repo/database:generate: ../..                                    | ΓÇëWARNΓÇë Unsupported engine: wanted: {"node":"22.12.0"} (current: {"node":"v22.18.0","pnpm":"10.24.0"})
@repo/database:generate: 
@repo/database:generate: > @repo/database@0.0.0 generate C:\Projects\capsule-pro\packages\database
@repo/database:generate: > prisma generate --schema=./prisma/schema.prisma
@repo/database:generate: 
docs:build: ../..                                    | ΓÇëWARNΓÇë Unsupported engine: wanted: {"node":"22.12.0"} (current: {"node":"v22.18.0","pnpm":"10.24.0"})
@repo/database:test: ../..                                    | ΓÇëWARNΓÇë Unsupported engine: wanted: {"node":"22.12.0"} (current: {"node":"v22.18.0","pnpm":"10.24.0"})
@repo/storybook:build: ../..                                    | ΓÇëWARNΓÇë Unsupported engine: wanted: {"node":"22.12.0"} (current: {"node":"v22.18.0","pnpm":"10.24.0"})
email:build: ../..                                    | ΓÇëWARNΓÇë Unsupported engine: wanted: {"node":"22.12.0"} (current: {"node":"v22.18.0","pnpm":"10.24.0"})
@repo/cms:build: ../..                                    | ΓÇëWARNΓÇë Unsupported engine: wanted: {"node":"22.12.0"} (current: {"node":"v22.18.0","pnpm":"10.24.0"})
docs:build: 
docs:build: > docs@ build C:\Projects\capsule-pro\apps\docs
docs:build: > next build
docs:build: 
@repo/database:test: 
@repo/database:test: > @repo/database@0.0.0 test C:\Projects\capsule-pro\packages\database
@repo/database:test: > vitest run
@repo/database:test: 
@repo/storybook:build: 
@repo/storybook:build: > @repo/storybook@0.1.0 build C:\Projects\capsule-pro\apps\storybook
@repo/storybook:build: > storybook build
@repo/storybook:build: 
email:build: 
email:build: > email@0.0.0 build C:\Projects\capsule-pro\apps\email
email:build: > email build --dir ../../packages/email/templates
email:build: 
@repo/cms:build: 
@repo/cms:build: > @repo/cms@0.0.0 build C:\Projects\capsule-pro\packages\cms
@repo/cms:build: > basehub build
@repo/cms:build: 
@repo/ai:build: ../..                                    | ΓÇëWARNΓÇë Unsupported engine: wanted: {"node":"22.12.0"} (current: {"node":"v22.18.0","pnpm":"10.24.0"})
@repo/ai:build: 
@repo/ai:build: > @repo/ai@0.0.0 build C:\Projects\capsule-pro\packages\ai
@repo/ai:build: > tsup
@repo/ai:build: 
@repo/realtime:test: Γû▓ [WARNING] The condition "types" here will never be used as it comes after both "import" and "require" [package.json]
@repo/realtime:test: 
@repo/realtime:test:     package.json:11:6:
@repo/realtime:test:       11 Γöé       "types": "./dist/index.d.ts"
@repo/realtime:test:          Γò╡       ~~~~~~~
@repo/realtime:test: 
@repo/realtime:test:   The "import" condition comes earlier and will be used for all "import" statements:
@repo/realtime:test: 
@repo/realtime:test:     package.json:9:6:
@repo/realtime:test:       9 Γöé       "import": "./dist/index.js",
@repo/realtime:test:         Γò╡       ~~~~~~~~
@repo/realtime:test: 
@repo/realtime:test:   The "require" condition comes earlier and will be used for all "require" calls:
@repo/realtime:test: 
@repo/realtime:test:     package.json:10:6:
@repo/realtime:test:       10 Γöé       "require": "./dist/index.js",
@repo/realtime:test:          Γò╡       ~~~~~~~~~
@repo/realtime:test: 
@repo/realtime:test: 
@repo/realtime:test: [1m[46m RUN [49m[22m [36mv4.0.17 [39m[90mC:/Projects/capsule-pro/packages/realtime[39m
@repo/realtime:test: 
@repo/database:test: 
@repo/database:test: [1m[46m RUN [49m[22m [36mv4.0.17 [39m[90mC:/Projects/capsule-pro/packages/database[39m
@repo/database:test: 
@repo/ai:build: [34mCLI[39m Building entry: src/index.ts
@repo/ai:build: [34mCLI[39m Using tsconfig: tsconfig.json
@repo/ai:build: [34mCLI[39m tsup v8.5.1
@repo/ai:build: [34mCLI[39m Using tsup config: C:\Projects\capsule-pro\packages\ai\tsup.config.ts
@repo/ai:build: [34mCLI[39m Target: es2022
@repo/ai:build: [34mCLI[39m Cleaning output folder
@repo/ai:build: [34mESM[39m Build start
@repo/ai:build: [32mESM[39m [1mdist\index.js     [22m[32m42.07 KB[39m
@repo/ai:build: [32mESM[39m [1mdist\index.js.map [22m[32m89.30 KB[39m
@repo/ai:build: [32mESM[39m ΓÜí∩╕Å Build success in 24ms
@repo/storybook:build: 
@repo/storybook:build: [90mΓöî[39m  Building storybook v10.1.11
@repo/storybook:build: [90mΓöé[39m
@repo/storybook:build: [32mΓùç[39m  Cleaning outputDir: [36mstorybook-static[39m
@repo/realtime:test:  [32mΓ£ô[39m __tests__/publisher-integration.test.ts [2m([22m[2m9 tests[22m[2m)[22m[32m 4[2mms[22m[39m
@repo/database:test:  [32mΓ£ô[39m __tests__/critical-path.test.ts [2m([22m[2m17 tests[22m[2m)[22m[32m 6[2mms[22m[39m
@repo/database:test: 
@repo/database:test: [2m Test Files [22m [1m[32m1 passed[39m[22m[90m (1)[39m
@repo/database:test: [2m      Tests [22m [1m[32m17 passed[39m[22m[90m (17)[39m
@repo/database:test: [2m   Start at [22m 20:32:13
@repo/database:test: [2m   Duration [22m 216ms[2m (transform 44ms, setup 0ms, import 57ms, tests 6ms, environment 0ms)[22m
@repo/database:test: 
@repo/realtime:test:  [32mΓ£ô[39m __tests__/channels.test.ts [2m([22m[2m17 tests[22m[2m)[22m[32m 6[2mms[22m[39m
@repo/storybook:build: [90mΓöé[39m
@repo/storybook:build: [32mΓùç[39m  Loading presets
@repo/realtime:test:  [32mΓ£ô[39m __tests__/events.test.ts [2m([22m[2m18 tests[22m[2m)[22m[32m 8[2mms[22m[39m
@repo/realtime:test: 
@repo/realtime:test: [2m Test Files [22m [1m[32m3 passed[39m[22m[90m (3)[39m
@repo/realtime:test: [2m      Tests [22m [1m[32m44 passed[39m[22m[90m (44)[39m
@repo/realtime:test: [2m   Start at [22m 20:32:13
@repo/realtime:test: [2m   Duration [22m 276ms[2m (transform 151ms, setup 0ms, import 223ms, tests 18ms, environment 0ms)[22m
@repo/realtime:test: 
app:test: cache miss, executing 9cc3133e4620224d
@repo/payroll-engine:test: cache miss, executing aec89c91a7870047
@repo/realtime:build: cache miss, executing 18d0d18a8f3d2da9
@repo/ai:build: [34mDTS[39m Build start
docs:build:  ΓÜá Warning: Next.js inferred your workspace root, but it may not be correct.
docs:build:  We detected multiple lockfiles and selected the directory of C:\Projects\pnpm-lock.yaml as the root directory.
docs:build:  To silence this warning, set `turbopack.root` in your Next.js config, or consider removing one of the lockfiles if it's not needed.
docs:build:    See https://nextjs.org/docs/app/api-reference/config/next-config-js/turbopack#root-directory for more information.
docs:build:  Detected additional lockfiles: 
docs:build:    * C:\Projects\capsule-pro\pnpm-lock.yaml
docs:build: 
email:build: - Starting build process...
@repo/cms:build: ≡ƒ¬ä Generating...
@repo/payroll-engine:test: ../..                                    | ΓÇëWARNΓÇë Unsupported engine: wanted: {"node":"22.12.0"} (current: {"node":"v22.18.0","pnpm":"10.24.0"})
@repo/payroll-engine:test: 
@repo/payroll-engine:test: > @repo/payroll-engine@0.0.1 test C:\Projects\capsule-pro\packages\payroll-engine
@repo/payroll-engine:test: > vitest run
@repo/payroll-engine:test: 
app:test: ../..                                    | ΓÇëWARNΓÇë Unsupported engine: wanted: {"node":"22.12.0"} (current: {"node":"v22.18.0","pnpm":"10.24.0"})
app:test: 
app:test: > app@ test C:\Projects\capsule-pro\apps\app
app:test: > cross-env NODE_ENV=test vitest run
app:test: 
@repo/realtime:build: ../..                                    | ΓÇëWARNΓÇë Unsupported engine: wanted: {"node":"22.12.0"} (current: {"node":"v22.18.0","pnpm":"10.24.0"})
@repo/realtime:build: 
@repo/realtime:build: > @repo/realtime@0.0.0 build C:\Projects\capsule-pro\packages\realtime
@repo/realtime:build: > tsc
@repo/realtime:build: 
@repo/cms:build: ΓöîΓöÇΓöÇΓöÇΓöÇΓöÇΓöÇΓöÇΓöÇΓöÇΓöÇΓöÇΓöÇΓöÇΓöÇΓöÇΓöÇΓöÇΓöÇΓöÇΓöÇΓöÇΓöÇΓöÇΓöÇΓöÇΓöÇΓöÇΓöÇΓöÇΓöÇΓöÇΓöÇΓöÇΓöÇΓöÇΓöÇΓöÇΓöÇΓöÇΓöÇΓöÇΓöÇΓöÇΓöÇΓöÇΓöÇΓöÇΓöÇΓöÇΓöÇΓöÇΓöÇΓöÇΓöÇΓöÇΓöÇΓöÇΓöÇΓöÇΓöÇΓöÇΓöÇΓöÇΓöÇΓöÇΓöÇΓöÇΓöÇΓöÉ
@repo/cms:build: Γöé ≡ƒÄ½ SDK Version: 9.5.3 (API v4)                                     Γöé
@repo/cms:build: Γöé ≡ƒöù Endpoint: https://api.basehub.com/graphql                       Γöé
@repo/cms:build: Γöé ≡ƒö╡ Draft: disabled                                                 Γöé
@repo/cms:build: Γöé ≡ƒôª Output: C:\Projects\capsule-pro\packages\cms\basehub-types.d.ts Γöé
@repo/cms:build: Γöé ≡ƒöÇ Ref: main (basehub branch)                                      Γöé
@repo/cms:build: ΓööΓöÇΓöÇΓöÇΓöÇΓöÇΓöÇΓöÇΓöÇΓöÇΓöÇΓöÇΓöÇΓöÇΓöÇΓöÇΓöÇΓöÇΓöÇΓöÇΓöÇΓöÇΓöÇΓöÇΓöÇΓöÇΓöÇΓöÇΓöÇΓöÇΓöÇΓöÇΓöÇΓöÇΓöÇΓöÇΓöÇΓöÇΓöÇΓöÇΓöÇΓöÇΓöÇΓöÇΓöÇΓöÇΓöÇΓöÇΓöÇΓöÇΓöÇΓöÇΓöÇΓöÇΓöÇΓöÇΓöÇΓöÇΓöÇΓöÇΓöÇΓöÇΓöÇΓöÇΓöÇΓöÇΓöÇΓöÇΓöÇΓöÿ
@repo/cms:build: [33mΓ¥»[39m generating the client in `C:\Projects\capsule-pro\packages\cms\basehub-types.d.ts`
@repo/cms:build: [33mΓ¥»[39m fetching schema from BaseHub's API
@repo/database:generate: Loaded Prisma config from prisma.config.ts.
@repo/database:generate: 
@repo/database:generate: Prisma schema loaded from prisma\schema.prisma
docs:build:    Γû▓ Next.js 16.0.10 (Turbopack)
docs:build:    - Environments: .env.local
docs:build: 
docs:build: [MDX] generated files in 23.981300000000147ms
docs:build:    Creating an optimized production build ...
@repo/payroll-engine:test: 
@repo/payroll-engine:test: [1m[46m RUN [49m[22m [36mv4.0.17 [39m[90mC:/Projects/capsule-pro/packages/payroll-engine[39m
@repo/payroll-engine:test: 
app:test: 
app:test: [1m[46m RUN [49m[22m [36mv4.0.17 [39m[90mC:/Projects/capsule-pro/apps/app[39m
app:test: 
@repo/payroll-engine:test:  [32mΓ£ô[39m tests/calculator.test.ts [2m([22m[2m24 tests[22m[2m)[22m[32m 14[2mms[22m[39m
@repo/payroll-engine:test:  [32mΓ£ô[39m tests/export.test.ts [2m([22m[2m18 tests[22m[2m)[22m[32m 13[2mms[22m[39m
@repo/payroll-engine:test: 
@repo/payroll-engine:test: [2m Test Files [22m [1m[32m2 passed[39m[22m[90m (2)[39m
@repo/payroll-engine:test: [2m      Tests [22m [1m[32m42 passed[39m[22m[90m (42)[39m
@repo/payroll-engine:test: [2m   Start at [22m 20:32:14
@repo/payroll-engine:test: [2m   Duration [22m 317ms[2m (transform 148ms, setup 0ms, import 244ms, tests 28ms, environment 0ms)[22m
@repo/payroll-engine:test: 
api:test: cache miss, executing a76bcfca4773eaad
@repo/cms:build: [32mΓ£ö[39m fetching schema from BaseHub's API
@repo/cms:build: [33mΓ¥»[39m writing files
@repo/cms:build: [33mΓ¥»[39m processing schema
@repo/cms:build: [33mΓ¥»[39m writing C:\Projects\capsule-pro\packages\cms\basehub-types.d.ts
@repo/cms:build: [32mΓ£ö[39m writing C:\Projects\capsule-pro\packages\cms\basehub-types.d.ts
@repo/cms:build: [32mΓ£ö[39m processing schema
@repo/cms:build: [32mΓ£ö[39m writing files
@repo/cms:build: [32mΓ£ö[39m generating the client in `C:\Projects\capsule-pro\packages\cms\basehub-types.d.ts`
@repo/cms:build: ≡ƒ¬ä Generated basehub types in 1727ms
web:build: cache miss, executing 227b1707f11071f1
api:test: ../..                                    | ΓÇëWARNΓÇë Unsupported engine: wanted: {"node":"22.12.0"} (current: {"node":"v22.18.0","pnpm":"10.24.0"})
api:test: 
api:test: > api@ test C:\Projects\capsule-pro\apps\api
api:test: > cross-env NODE_ENV=test vitest run
api:test: 
@repo/storybook:build: [90mΓöé[39m
@repo/storybook:build: [32mΓùç[39m  Building manager..
@repo/database:generate: 
@repo/database:generate: Γ£ö Generated Prisma Client (7.1.0) to .\generated in 1.03s
@repo/database:generate: 
@repo/ai:build: [32mDTS[39m ΓÜí∩╕Å Build success in 2025ms
@repo/ai:build: [32mDTS[39m [1mdist\index.d.ts [22m[32m16.06 KB[39m
web:build: ../..                                    | ΓÇëWARNΓÇë Unsupported engine: wanted: {"node":"22.12.0"} (current: {"node":"v22.18.0","pnpm":"10.24.0"})
@repo/database:build: cache miss, executing 37e3f0a8ad6fa386
web:build: 
web:build: > web@ build C:\Projects\capsule-pro\apps\web
web:build: > basehub && next build
web:build: 
@repo/storybook:build: [90mΓöé[39m
@repo/storybook:build: [34mΓùÅ[39m  Building preview..
@repo/storybook:build: [90mΓöé[39m
@repo/storybook:build: [33mΓû▓[39m  No story files found for the specified pattern: [34mstories\**\*.mdx[39m
api:test: 
api:test: [1m[46m RUN [49m[22m [36mv4.0.17 [39m[90mC:/Projects/capsule-pro/apps/api[39m
api:test: 
app:test:  [32mΓ£ô[39m __tests__/prep-task-contract.test.ts [2m([22m[2m2 tests[22m[2m)[22m[32m 4[2mms[22m[39m
app:test:  [32mΓ£ô[39m __tests__/playwright-env.test.ts [2m([22m[2m2 tests[22m[2m)[22m[32m 4[2mms[22m[39m
@repo/database:build: ../..                                    | ΓÇëWARNΓÇë Unsupported engine: wanted: {"node":"22.12.0"} (current: {"node":"v22.18.0","pnpm":"10.24.0"})
@repo/storybook:build: [90mΓöé[39m
@repo/storybook:build: [34mΓùÅ[39m  Using implicit CSS loaders
@repo/database:build: 
@repo/database:build: > @repo/database@0.0.0 build C:\Projects\capsule-pro\packages\database
@repo/database:build: > prisma generate --no-hints --schema=./prisma/schema.prisma
@repo/database:build: 
app:test:  [32mΓ£ô[39m __tests__/warehouse-inventory-status.test.ts [2m([22m[2m22 tests[22m[2m)[22m[32m 10[2mms[22m[39m
app:test:  [32mΓ£ô[39m __tests__/admin-dashboard-validation.test.ts [2m([22m[2m26 tests[22m[2m)[22m[32m 28[2mms[22m[39m
app:test:  [32mΓ£ô[39m __tests__/sign-in.test.tsx [2m([22m[2m1 test[22m[2m)[22m[32m 19[2mms[22m[39m
app:test:  [32mΓ£ô[39m __tests__/sign-up.test.tsx [2m([22m[2m1 test[22m[2m)[22m[32m 20[2mms[22m[39m
app:test: 
app:test: [2m Test Files [22m [1m[32m6 passed[39m[22m[90m (6)[39m
app:test: [2m      Tests [22m [1m[32m54 passed[39m[22m[90m (54)[39m
app:test: [2m   Start at [22m 20:32:14
app:test: [2m   Duration [22m 2.31s[2m (transform 738ms, setup 0ms, import 1.55s, tests 84ms, environment 9.63s)[22m
app:test: 
@repo/storybook:build: [90mΓöé[39m
@repo/storybook:build: [34mΓùÅ[39m  Copying static files: [36mpublic[39m at [36mstorybook-static[39m
web:build: ≡ƒ¬ä Generating...
@repo/storybook:build: [90mΓöé[39m
@repo/storybook:build: [34mΓùÅ[39m  Using SWC as compiler
web:build: ΓöîΓöÇΓöÇΓöÇΓöÇΓöÇΓöÇΓöÇΓöÇΓöÇΓöÇΓöÇΓöÇΓöÇΓöÇΓöÇΓöÇΓöÇΓöÇΓöÇΓöÇΓöÇΓöÇΓöÇΓöÇΓöÇΓöÇΓöÇΓöÇΓöÇΓöÇΓöÇΓöÇΓöÇΓöÇΓöÇΓöÇΓöÇΓöÇΓöÇΓöÇΓöÇΓöÇΓöÇΓöÇΓöÇΓöÇΓöÇΓöÇΓöÇΓöÇΓöÇΓöÇΓöÇΓöÇΓöÇΓöÇΓöÇΓöÇΓöÇΓöÇΓöÇΓöÇΓöÇΓöÇΓöÉ
web:build: Γöé ≡ƒÄ½ SDK Version: 9.5.3 (API v4)                                 Γöé
web:build: Γöé ≡ƒöù Endpoint: https://api.basehub.com/graphql                   Γöé
web:build: Γöé ≡ƒö╡ Draft: disabled                                             Γöé
web:build: Γöé ≡ƒôª Output: C:\Projects\capsule-pro\apps\web\basehub-types.d.ts Γöé
web:build: Γöé ≡ƒöÇ Ref: main (basehub branch)                                  Γöé
web:build: ΓööΓöÇΓöÇΓöÇΓöÇΓöÇΓöÇΓöÇΓöÇΓöÇΓöÇΓöÇΓöÇΓöÇΓöÇΓöÇΓöÇΓöÇΓöÇΓöÇΓöÇΓöÇΓöÇΓöÇΓöÇΓöÇΓöÇΓöÇΓöÇΓöÇΓöÇΓöÇΓöÇΓöÇΓöÇΓöÇΓöÇΓöÇΓöÇΓöÇΓöÇΓöÇΓöÇΓöÇΓöÇΓöÇΓöÇΓöÇΓöÇΓöÇΓöÇΓöÇΓöÇΓöÇΓöÇΓöÇΓöÇΓöÇΓöÇΓöÇΓöÇΓöÇΓöÇΓöÇΓöÇΓöÿ
web:build: [33mΓ¥»[39m generating the client in `C:\Projects\capsule-pro\apps\web\basehub-types.d.ts`
web:build: [33mΓ¥»[39m fetching schema from BaseHub's API
@repo/storybook:build: [90mΓöé[39m
@repo/storybook:build: [34mΓùÅ[39m  Using default Webpack5 setup
api:test:  [32mΓ£ô[39m __tests__/health.test.ts [2m([22m[2m1 test[22m[2m)[22m[32m 3[2mms[22m[39m
web:build: [32mΓ£ö[39m fetching schema from BaseHub's API
web:build: [33mΓ¥»[39m writing files
web:build: [33mΓ¥»[39m processing schema
api:test:  [32mΓ£ô[39m __tests__/outbox-publish-e2e.test.ts [2m([22m[2m10 tests[22m[2m)[22m[32m 6[2mms[22m[39m
web:build: [33mΓ¥»[39m writing C:\Projects\capsule-pro\apps\web\basehub-types.d.ts
web:build: [32mΓ£ö[39m writing C:\Projects\capsule-pro\apps\web\basehub-types.d.ts
web:build: [32mΓ£ö[39m processing schema
web:build: [32mΓ£ö[39m writing files
web:build: [32mΓ£ö[39m generating the client in `C:\Projects\capsule-pro\apps\web\basehub-types.d.ts`
web:build: ≡ƒ¬ä Generated basehub types in 1532ms
api:test: [vitest-database-mock] INTERCEPTED database: C:\Projects\capsule-pro\packages/database
api:test: [vitest-database-mock] INTERCEPTED database: C:\Projects\capsule-pro\packages/database
api:test: [vitest-database-mock] LOAD intercepted: C:/Projects/capsule-pro/packages/database/index.ts
api:test: [90mstdout[2m | __tests__/staff/auto-assignment.test.ts[2m > [22m[2mAuto-Assignment Service[2m > [22m[2mgetEligibleEmployeesForShift[2m > [22m[2mshould return eligible employees sorted by score
api:test: [22m[39mScore: [33m56[39m Confidence: medium
api:test: 
api:test: [90mstdout[2m | __tests__/staff/auto-assignment.test.ts[2m > [22m[2mAuto-Assignment Service[2m > [22m[2mgetEligibleEmployeesForShift[2m > [22m[2mshould correctly calculate confidence levels
api:test: [22m[39mScore: [33m64[39m Confidence: medium
api:test: Skills match: [33mtrue[39m
api:test: Availability match: [33mfalse[39m
api:test: 
api:test: [90mstderr[2m | __tests__/staff/auto-assignment.test.ts[2m > [22m[2mAuto-Assignment Service[2m > [22m[2mautoAssignShift[2m > [22m[2mshould handle database errors gracefully
api:test: [22m[39mError auto-assigning shift: Error: Database connection failed
api:test:     at C:/Projects/capsule-pro/apps/api/__tests__/staff/auto-assignment.test.ts:384:9
api:test:     at file:///C:/Projects/capsule-pro/node_modules/[4m.pnpm[24m/@vitest+runner@4.0.17/node_modules/[4m@vitest[24m/runner/dist/index.js:145:11
api:test:     at file:///C:/Projects/capsule-pro/node_modules/[4m.pnpm[24m/@vitest+runner@4.0.17/node_modules/[4m@vitest[24m/runner/dist/index.js:915:26
api:test:     at file:///C:/Projects/capsule-pro/node_modules/[4m.pnpm[24m/@vitest+runner@4.0.17/node_modules/[4m@vitest[24m/runner/dist/index.js:1243:20
api:test:     at new Promise (<anonymous>)
api:test:     at runWithTimeout (file:///C:/Projects/capsule-pro/node_modules/[4m.pnpm[24m/@vitest+runner@4.0.17/node_modules/[4m@vitest[24m/runner/dist/index.js:1209:10)
api:test:     at file:///C:/Projects/capsule-pro/node_modules/[4m.pnpm[24m/@vitest+runner@4.0.17/node_modules/[4m@vitest[24m/runner/dist/index.js:1653:37
api:test:     at Traces.$ (file:///C:/Projects/capsule-pro/node_modules/[4m.pnpm[24m/vitest@4.0.17_@opentelemetr_4d220b2bacac10999286ab4fb9eec8e5/node_modules/[4mvitest[24m/dist/chunks/traces.CCmnQaNT.js:142:27)
api:test:     at trace (file:///C:/Projects/capsule-pro/node_modules/[4m.pnpm[24m/vitest@4.0.17_@opentelemetr_4d220b2bacac10999286ab4fb9eec8e5/node_modules/[4mvitest[24m/dist/chunks/test.B8ej_ZHS.js:239:21)
api:test:     at runTest (file:///C:/Projects/capsule-pro/node_modules/[4m.pnpm[24m/@vitest+runner@4.0.17/node_modules/[4m@vitest[24m/runner/dist/index.js:1653:12)
api:test: 
api:test:  [32mΓ£ô[39m __tests__/staff/auto-assignment.test.ts [2m([22m[2m13 tests[22m[2m)[22m[32m 16[2mms[22m[39m
api:test: 
api:test: [2m Test Files [22m [1m[32m3 passed[39m[22m[90m (3)[39m
api:test: [2m      Tests [22m [1m[32m24 passed[39m[22m[90m (24)[39m
api:test: [2m   Start at [22m 20:32:16
api:test: [2m   Duration [22m 1.38s[2m (transform 121ms, setup 65ms, import 117ms, tests 25ms, environment 2.59s)[22m
api:test: 
@repo/storybook:build: <s> [webpack.Progress] 0% 
@repo/storybook:build: 
@repo/storybook:build: <s> [webpack.Progress] 1% setup before run
@repo/storybook:build: <s> [webpack.Progress] 1% setup before run NodeEnvironmentPlugin
@repo/storybook:build: <s> [webpack.Progress] 1% setup before run storybook-mock-plugin
@repo/storybook:build: <i> [storybook-mock-plugin] Mock map updated with 0 mocks.
@repo/storybook:build: <s> [webpack.Progress] 1% setup before run
@repo/storybook:build: <s> [webpack.Progress] 2% setup run
@repo/storybook:build: <s> [webpack.Progress] 2% setup run
@repo/storybook:build: <s> [webpack.Progress] 4% setup normal module factory
@repo/storybook:build: <s> [webpack.Progress] 4% setup normal module factory CaseSensitivePathsPlugin
@repo/storybook:build: <s> [webpack.Progress] 4% setup normal module factory NormalModuleReplacementPlugin
@repo/storybook:build: <s> [webpack.Progress] 4% setup normal module factory
@repo/storybook:build: <s> [webpack.Progress] 5% setup context module factory
@repo/storybook:build: <s> [webpack.Progress] 5% setup context module factory
@repo/storybook:build: <s> [webpack.Progress] 6% setup before compile
@repo/storybook:build: <s> [webpack.Progress] 6% setup before compile ProgressPlugin
@repo/storybook:build: <s> [webpack.Progress] 6% setup before compile
@repo/storybook:build: <s> [webpack.Progress] 7% setup compile
@repo/storybook:build: <s> [webpack.Progress] 7% setup compile ExternalsPlugin
@repo/storybook:build: <s> [webpack.Progress] 7% setup compile ExternalsPlugin
@repo/storybook:build: <s> [webpack.Progress] 7% setup compile
@repo/storybook:build: <s> [webpack.Progress] 8% setup compilation
@repo/storybook:build: <s> [webpack.Progress] 8% setup compilation HtmlWebpackPlugin
@repo/storybook:build: <s> [webpack.Progress] 8% setup compilation ArrayPushCallbackChunkFormatPlugin
@repo/storybook:build: <s> [webpack.Progress] 8% setup compilation JsonpChunkLoadingPlugin
@repo/storybook:build: <s> [webpack.Progress] 8% setup compilation StartupChunkDependenciesPlugin
@repo/storybook:build: <s> [webpack.Progress] 8% setup compilation ImportScriptsChunkLoadingPlugin
@repo/storybook:build: <s> [webpack.Progress] 8% setup compilation WorkerPlugin
@repo/storybook:build: <s> [webpack.Progress] 8% setup compilation SplitChunksPlugin
@repo/storybook:build: <s> [webpack.Progress] 8% setup compilation RuntimeChunkPlugin
@repo/storybook:build: <s> [webpack.Progress] 8% setup compilation ResolverCachePlugin
@repo/storybook:build: <s> [webpack.Progress] 8% setup compilation
@repo/storybook:build: <s> [webpack.Progress] 9% setup compilation
@repo/storybook:build: <s> [webpack.Progress] 9% setup compilation DefinePlugin
@repo/storybook:build: <s> [webpack.Progress] 9% setup compilation ProgressPlugin
@repo/storybook:build: <s> [webpack.Progress] 9% setup compilation DefinePlugin
@repo/storybook:build: <s> [webpack.Progress] 9% setup compilation DefinePlugin
@repo/storybook:build: <s> [webpack.Progress] 9% setup compilation WebpackInjectMockerRuntimePlugin
@repo/storybook:build: <s> [webpack.Progress] 9% setup compilation ProvidePlugin
@repo/storybook:build: <s> [webpack.Progress] 9% setup compilation ExternalsPlugin
@repo/storybook:build: <s> [webpack.Progress] 9% setup compilation ExternalsPlugin
@repo/storybook:build: <s> [webpack.Progress] 9% setup compilation ChunkPrefetchPreloadPlugin
@repo/storybook:build: <s> [webpack.Progress] 9% setup compilation SourceMapDevToolPlugin
@repo/storybook:build: <s> [webpack.Progress] 9% setup compilation JavascriptModulesPlugin
@repo/storybook:build: <s> [webpack.Progress] 9% setup compilation JsonModulesPlugin
@repo/storybook:build: <s> [webpack.Progress] 9% setup compilation AssetModulesPlugin
@repo/storybook:build: <s> [webpack.Progress] 9% setup compilation EntryPlugin
@repo/storybook:build: <s> [webpack.Progress] 9% setup compilation RuntimePlugin
@repo/storybook:build: <s> [webpack.Progress] 9% setup compilation InferAsyncModulesPlugin
@repo/storybook:build: <s> [webpack.Progress] 9% setup compilation DataUriPlugin
@repo/storybook:build: <s> [webpack.Progress] 9% setup compilation FileUriPlugin
@repo/storybook:build: <s> [webpack.Progress] 9% setup compilation CompatibilityPlugin
@repo/storybook:build: <s> [webpack.Progress] 9% setup compilation HarmonyModulesPlugin
@repo/storybook:build: <s> [webpack.Progress] 9% setup compilation AMDPlugin
@repo/storybook:build: <s> [webpack.Progress] 9% setup compilation RequireJsStuffPlugin
@repo/storybook:build: <s> [webpack.Progress] 9% setup compilation CommonJsPlugin
@repo/storybook:build: <s> [webpack.Progress] 9% setup compilation LoaderPlugin
@repo/storybook:build: <s> [webpack.Progress] 9% setup compilation LoaderPlugin
@repo/storybook:build: <s> [webpack.Progress] 9% setup compilation NodeStuffPlugin
@repo/storybook:build: <s> [webpack.Progress] 9% setup compilation APIPlugin
@repo/storybook:build: <s> [webpack.Progress] 9% setup compilation ExportsInfoApiPlugin
@repo/storybook:build: <s> [webpack.Progress] 9% setup compilation WebpackIsIncludedPlugin
@repo/storybook:build: <s> [webpack.Progress] 9% setup compilation ConstPlugin
@repo/storybook:build: <s> [webpack.Progress] 9% setup compilation UseStrictPlugin
@repo/storybook:build: <s> [webpack.Progress] 9% setup compilation RequireIncludePlugin
@repo/storybook:build: <s> [webpack.Progress] 9% setup compilation RequireEnsurePlugin
@repo/storybook:build: <s> [webpack.Progress] 9% setup compilation RequireContextPlugin
@repo/storybook:build: <s> [webpack.Progress] 9% setup compilation ImportPlugin
@repo/storybook:build: <s> [webpack.Progress] 9% setup compilation ImportMetaContextPlugin
@repo/storybook:build: <s> [webpack.Progress] 9% setup compilation SystemPlugin
@repo/storybook:build: <s> [webpack.Progress] 9% setup compilation ImportMetaPlugin
@repo/storybook:build: <s> [webpack.Progress] 9% setup compilation URLPlugin
@repo/storybook:build: <s> [webpack.Progress] 9% setup compilation DefaultStatsFactoryPlugin
@repo/storybook:build: <s> [webpack.Progress] 9% setup compilation DefaultStatsPresetPlugin
@repo/storybook:build: <s> [webpack.Progress] 9% setup compilation DefaultStatsPrinterPlugin
@repo/storybook:build: <s> [webpack.Progress] 9% setup compilation JavascriptMetaInfoPlugin
@repo/storybook:build: <s> [webpack.Progress] 9% setup compilation EnsureChunkConditionsPlugin
@repo/storybook:build: <s> [webpack.Progress] 9% setup compilation RemoveEmptyChunksPlugin
@repo/storybook:build: <s> [webpack.Progress] 9% setup compilation MergeDuplicateChunksPlugin
@repo/storybook:build: <s> [webpack.Progress] 9% setup compilation FlagIncludedChunksPlugin
@repo/storybook:build: <s> [webpack.Progress] 9% setup compilation SideEffectsFlagPlugin
@repo/storybook:build: <s> [webpack.Progress] 9% setup compilation FlagDependencyExportsPlugin
@repo/storybook:build: <s> [webpack.Progress] 9% setup compilation FlagDependencyUsagePlugin
@repo/storybook:build: <s> [webpack.Progress] 9% setup compilation InnerGraphPlugin
@repo/storybook:build: <s> [webpack.Progress] 9% setup compilation MangleExportsPlugin
@repo/storybook:build: <s> [webpack.Progress] 9% setup compilation ModuleConcatenationPlugin
@repo/storybook:build: <s> [webpack.Progress] 9% setup compilation NoEmitOnErrorsPlugin
@repo/storybook:build: <s> [webpack.Progress] 9% setup compilation RealContentHashPlugin
@repo/storybook:build: <s> [webpack.Progress] 9% setup compilation WasmFinalizeExportsPlugin
@repo/storybook:build: <s> [webpack.Progress] 9% setup compilation NamedModuleIdsPlugin
@repo/storybook:build: <s> [webpack.Progress] 9% setup compilation DeterministicChunkIdsPlugin
@repo/storybook:build: <s> [webpack.Progress] 9% setup compilation DefinePlugin
@repo/storybook:build: <s> [webpack.Progress] 9% setup compilation TerserPlugin
@repo/storybook:build: <s> [webpack.Progress] 9% setup compilation TemplatedPathPlugin
@repo/storybook:build: <s> [webpack.Progress] 9% setup compilation RecordIdsPlugin
@repo/storybook:build: <s> [webpack.Progress] 9% setup compilation WarnCaseSensitiveModulesPlugin
@repo/storybook:build: <s> [webpack.Progress] 9% setup compilation IgnoreWarningsPlugin
@repo/storybook:build: <s> [webpack.Progress] 9% setup compilation
@repo/storybook:build: <s> [webpack.Progress] 10% building
@repo/storybook:build: <s> [webpack.Progress] 10% building 0/1 entries 0/0 dependencies 0/0 modules
@repo/database:build: Loaded Prisma config from prisma.config.ts.
@repo/database:build: 
@repo/database:build: Prisma schema loaded from prisma\schema.prisma
@repo/storybook:build: <s> [webpack.Progress] 10% building 0/1 entries 9/108 dependencies 5/8 modules
docs:build:  Γ£ô Compiled successfully in 3.9s
docs:build:    Running TypeScript ...
@repo/storybook:build: <s> [webpack.Progress] 11% building 0/1 entries 119/200 dependencies 6/70 modules
@repo/database:build: 
@repo/database:build: Γ£ö Generated Prisma Client (7.1.0) to .\generated in 439ms
@repo/database:build: 
app:build: cache miss, executing 5af08502218e192a
api:build: cache miss, executing 40d76ee4e1a6ed91
app:build: ../..                                    | ΓÇëWARNΓÇë Unsupported engine: wanted: {"node":"22.12.0"} (current: {"node":"v22.18.0","pnpm":"10.24.0"})
app:build: 
app:build: > app@ build C:\Projects\capsule-pro\apps\app
app:build: > next build
app:build: 
api:build: ../..                                    | ΓÇëWARNΓÇë Unsupported engine: wanted: {"node":"22.12.0"} (current: {"node":"v22.18.0","pnpm":"10.24.0"})
api:build: 
api:build: > api@ build C:\Projects\capsule-pro\apps\api
api:build: > next build
api:build: 
web:build:    Γû▓ Next.js 16.0.10 (Turbopack)
web:build:    - Environments: .env.local
web:build: 
web:build:    Creating an optimized production build ...
@repo/storybook:build: <s> [webpack.Progress] 12% building 0/1 entries 273/301 dependencies 11/148 modules
docs:build:    Collecting page data using 27 workers ...
web:build: [33mwarn[0m - Envvars not detected. If this is production please see https://betterstack.com/docs/logs/javascript/nextjs/ for help
web:build: [33mwarn[0m - Sending Web Vitals to /dev/null
web:build: [33mwarn[0m - Sending logs to console
web:build: [33mwarn[0m - Envvars not detected. If this is production please see https://betterstack.com/docs/logs/javascript/nextjs/ for help
web:build: [33mwarn[0m - Sending Web Vitals to /dev/null
web:build: [33mwarn[0m - Sending logs to console
@repo/storybook:build: <s> [webpack.Progress] 13% building 0/1 entries 400/2448 dependencies 21/248 modules
docs:build:    Generating static pages using 27 workers (0/24) ...
@repo/storybook:build: <s> [webpack.Progress] 13% building 0/1 entries 500/2448 dependencies 21/342 modules
api:build:    Γû▓ Next.js 16.0.10 (Turbopack)
api:build:    - Environments: .env.local
api:build: 
@repo/storybook:build: <s> [webpack.Progress] 12% building 0/1 entries 700/2448 dependencies 21/541 modules
api:build:    Creating an optimized production build ...
api:build: [33mwarn[0m - Envvars not detected. If this is production please see https://betterstack.com/docs/logs/javascript/nextjs/ for help
api:build: [33mwarn[0m - Sending Web Vitals to /dev/null
api:build: [33mwarn[0m - Sending logs to console
app:build:    Γû▓ Next.js 16.0.10 (Turbopack)
app:build:    - Environments: .env.local
app:build: 
docs:build:    Generating static pages using 27 workers (6/24) 
app:build:    Creating an optimized production build ...
app:build: [33mwarn[0m - Envvars not detected. If this is production please see https://betterstack.com/docs/logs/javascript/nextjs/ for help
app:build: [33mwarn[0m - Sending Web Vitals to /dev/null
app:build: [33mwarn[0m - Sending logs to console
docs:build:    Generating static pages using 27 workers (12/24) 
docs:build:    Generating static pages using 27 workers (18/24) 
docs:build:  Γ£ô Generating static pages using 27 workers (24/24) in 1595.3ms
@repo/storybook:build: <s> [webpack.Progress] 11% building 0/1 entries 1300/2448 dependencies 21/1141 modules
docs:build:    Finalizing page optimization ...
docs:build: 
docs:build: Route (app)
docs:build: Γöî Γùï /
docs:build: Γö£ Γùï /_not-found
docs:build: Γöö ΓùÅ /docs/[[...slug]]
docs:build:   Γö£ /docs/architecture
docs:build:   Γö£ /docs/development
docs:build:   Γö£ /docs
docs:build:   Γöö [+18 more paths]
docs:build: 
docs:build: 
docs:build: Γùï  (Static)  prerendered as static content
docs:build: ΓùÅ  (SSG)     prerendered as static HTML (uses generateStaticParams)
docs:build: 
api:build: [33mwarn[0m - Envvars not detected. If this is production please see https://betterstack.com/docs/logs/javascript/nextjs/ for help
api:build: [33mwarn[0m - Sending Web Vitals to /dev/null
api:build: [33mwarn[0m - Sending logs to console
@repo/storybook:build: <s> [webpack.Progress] 10% building 0/1 entries 2058/2448 dependencies 21/1900 modules
app:build: [33mwarn[0m - Envvars not detected. If this is production please see https://betterstack.com/docs/logs/javascript/nextjs/ for help
app:build: [33mwarn[0m - Sending Web Vitals to /dev/null
app:build: [33mwarn[0m - Sending logs to console
@repo/storybook:build: <s> [webpack.Progress] 10% building 0/1 entries 2400/2448 dependencies 26/2083 modules
@repo/storybook:build: <s> [webpack.Progress] 10% building 0/1 entries 2459/2660 dependencies 34/2090 modules
@repo/storybook:build: <s> [webpack.Progress] 10% building 0/1 entries 2582/2660 dependencies 34/2100 modules
@repo/storybook:build: <s> [webpack.Progress] 11% building import loader ../../node_modules/.pnpm/style-loader@3.3.4_webpack@5.104.1_esbuild@0.27.2_/node_modules/style-loader/dist/cjs.js
@repo/storybook:build: <s> [webpack.Progress] 11% building import loader ../../node_modules/.pnpm/css-loader@6.11.0_webpack@5.104.1_esbuild@0.27.2_/node_modules/css-loader/dist/cjs.js
@repo/storybook:build: <s> [webpack.Progress] 11% building import loader ../../node_modules/.pnpm/postcss-loader@8.2.0_postcs_50b858ebc5f2899b9bfbbed98e66ddec/node_modules/postcss-loader/dist/cjs.js
@repo/storybook:build: <s> [webpack.Progress] 11% building 0/1 entries 2720/2747 dependencies 41/2158 modules
@repo/storybook:build: <s> [webpack.Progress] 11% building 0/1 entries 2790/2804 dependencies 43/2163 modules
@repo/storybook:build: <s> [webpack.Progress] 11% building 0/1 entries 2900/2932 dependencies 64/2164 modules
@repo/storybook:build: <s> [webpack.Progress] 11% building 0/1 entries 3000/3008 dependencies 78/2173 modules
@repo/storybook:build: <s> [webpack.Progress] 14% building 0/1 entries 3400/4791 dependencies 182/2179 modules
web:build:  Γ£ô Compiled successfully in 7.9s
web:build:    Running TypeScript ...
@repo/storybook:build: <s> [webpack.Progress] 14% building 0/1 entries 3700/4797 dependencies 182/2179 modules
@repo/storybook:build: <s> [webpack.Progress] 14% building 0/1 entries 4200/4797 dependencies 182/2183 modules
@repo/storybook:build: <s> [webpack.Progress] 14% building 0/1 entries 4790/4800 dependencies 183/2185 modules
@repo/storybook:build: <s> [webpack.Progress] 14% building 0/1 entries 5200/5211 dependencies 183/2201 modules
api:build: Turbopack build encountered 2 warnings:
api:build: ./node_modules/.pnpm/@react-email+render@2.0.0_r_027779edf9bed61e1e5a710488117667/node_modules/@react-email/render/dist/node
api:build: Package prettier can't be external
api:build: The request prettier/plugins/html matches serverExternalPackages (or the default list).
api:build: The request could not be resolved by Node.js from the project directory.
api:build: Packages that should be external need to be installed in the project directory, so they can be resolved from the output files.
api:build: Try to install it into the project directory by running npm install prettier from the project directory.
api:build: 
api:build: 
api:build: ./node_modules/.pnpm/@react-email+render@2.0.0_r_027779edf9bed61e1e5a710488117667/node_modules/@react-email/render/dist/node
api:build: Package prettier can't be external
api:build: The request prettier/standalone matches serverExternalPackages (or the default list).
api:build: The request could not be resolved by Node.js from the project directory.
api:build: Packages that should be external need to be installed in the project directory, so they can be resolved from the output files.
api:build: Try to install it into the project directory by running npm install prettier from the project directory.
api:build: 
api:build: 
api:build:  Γ£ô Compiled successfully in 7.6s
api:build:    Running TypeScript ...
@repo/storybook:build: <s> [webpack.Progress] 14% building 0/1 entries 5691/5700 dependencies 183/2204 modules
@repo/storybook:build: <s> [webpack.Progress] 14% building 0/1 entries 6092/6100 dependencies 183/2205 modules
@repo/storybook:build: <s> [webpack.Progress] 14% building 0/1 entries 6393/6400 dependencies 188/2206 modules
@repo/storybook:build: <s> [webpack.Progress] 17% building 0/1 entries 6600/6990 dependencies 298/2252 modules
@repo/storybook:build: <s> [webpack.Progress] 17% building 0/1 entries 6900/6990 dependencies 312/2284 modules
@repo/storybook:build: <s> [webpack.Progress] 17% building 0/1 entries 6988/7000 dependencies 313/2359 modules
@repo/storybook:build: <s> [webpack.Progress] 55% building 0/1 entries 7300/7403 dependencies 2034/2460 modules
@repo/storybook:build: <s> [webpack.Progress] 55% building 0/1 entries 7500/7642 dependencies 2038/2482 modules
app:build:  Γ£ô Compiled successfully in 11.9s
app:build:    Running TypeScript ...
@repo/storybook:build: <s> [webpack.Progress] 54% building 0/1 entries 7800/7910 dependencies 2058/2567 modules
@repo/storybook:build: <s> [webpack.Progress] 53% building 0/1 entries 8035/8100 dependencies 2116/2657 modules
web:build: Failed to compile.
web:build: 
web:build: ./app/[locale]/components/header/language-switcher.tsx:33:8
web:build: Type error: 'pathname' is possibly 'null'.
web:build: 
web:build: [0m [90m 31 |[39m     [90m// Case 1: If current locale is default and missing from the URL[39m
web:build:  [90m 32 |[39m     [36mif[39m (
web:build: [31m[1m>[22m[39m[90m 33 |[39m       [33m![39mpathname[33m.[39mstartsWith([32m`/${params.locale}`[39m) [33m&&[39m
web:build:  [90m    |[39m        [31m[1m^[22m[39m
web:build:  [90m 34 |[39m       params[33m.[39mlocale [33m===[39m defaultLocale
web:build:  [90m 35 |[39m     ) {
web:build:  [90m 36 |[39m       [90m// Add the default locale to the beginning to normalize[39m[0m
web:build: Next.js build worker exited with code: 1 and signal: null
web:build: ΓÇëELIFECYCLEΓÇë Command failed with exit code 1.
web:build: ERROR: command finished with error: command (C:\Projects\capsule-pro\apps\web) C:\Program Files\nodejs\pnpm.CMD run build exited (1)
web#build: command (C:\Projects\capsule-pro\apps\web) C:\Program Files\nodejs\pnpm.CMD run build exited (1)

 Tasks:    11 successful, 16 total
Cached:    0 cached, 16 total
  Time:    25.131s 
Failed:    web#build

 WARNING  no output files found for task @repo/ai#build. Please check your `outputs` key in `turbo.json`
 WARNING  no output files found for task @repo/cms#build. Please check your `outputs` key in `turbo.json`
 WARNING  no output files found for task @repo/realtime#build. Please check your `outputs` key in `turbo.json`
 ERROR  run failed: command  exited (1)
ΓÇëELIFECYCLEΓÇë Command failed with exit code 1.
